$ENTRY Go {
  /* пусто */
    = <Eq <Mu "+" 15 5> 20>
      <Eq <Mu "-" 15 5> 10>
      <Eq <Mu "*" 15 5> 75>
      <Eq <Mu "/" 15 5> 3>
      <Eq <Mu "%" 15 5> 0>
      <Eq <Mu "?" '?' Chr 64> '@'>
      <Eq <Mu '+' 15 5> 20>
      <Eq <Mu '-' 15 5> 10>
      <Eq <Mu '*' 15 5> 75>
      <Eq <Mu '/' 15 5> 3>
      <Eq <Mu '%' 15 5> 0>
      <Eq <Mu '?' "?" Chr 64> '@'>
}

Eq { s.X s.X = }
