$ENTRY Go {
  = <Test 0 <Native>>
    <Test 1 <Native>>;
}

Test {
  s.Num '<' s.Num '>' = ;
}

%%
int global = 0;
%%

Native {
%%
  struct r05_node *func_name = arg_begin->next;

  arg_begin->tag = R05_DATATAG_CHAR;
  arg_begin->info.char_ = '<';
  func_name->tag = R05_DATATAG_NUMBER;
  func_name->info.number = global;
  arg_end->tag = R05_DATATAG_CHAR;
  arg_end->info.char_ = '>';

  ++global;

  return R05_SUCCESS;
%%
}
