$ENTRY GO {
  = <Eq ('Hello' () 10 GO) <Print 'Hello' () 10 GO>>
    <Eq ()                 <Prout 'Hello' () 10 GO>>
    <Eq ()                 <Open 'w' 10 'put.tmp'>>
    <Eq ('Hello' () 10 GO) <Put 10 'Hello' () 10 GO>>
    <Eq ()                 <Putout 10 'Hello' () 10 GO>>
    <Eq ()                 <Close 10>>
    <Eq (True ())          <RemoveFile 'put.tmp'>>
}

Eq { (e.X) e.X = }
